[8 qubits] CPU=0.000314s GPU=0.003479s speedup=0.090
[12 qubits] CPU=0.000451s GPU=0.009194s speedup=0.049
[16 qubits] CPU=0.004171s GPU=0.014456s speedup=0.289
[20 qubits] CPU=0.002410s GPU=0.039853s speedup=0.060
[22 qubits] CPU=0.070292s GPU=0.183311s speedup=0.383
[24 qubits] CPU=0.896814s GPU=1.485407s speedup=0.604
[25 qubits] CPU=1.595060s GPU=3.340921s speedup=0.477
[26 qubits] CPU=2.906168s GPU=7.519024s speedup=0.387
{
  "records": [
    {
      "qubits": 8,
      "device": "cpu",
      "state_dimension": 256,
      "repeats": 7,
      "warmups": 2,
      "batch_size": 1,
      "first_execute_s": 2.651507374830544,
      "warmup_median_s": 0.00035997340455651283,
      "median_runtime_s": 0.0003140578046441078,
      "steady_min_s": 0.00030714692547917366,
      "steady_p95_s": 0.0003888269886374473,
      "steady_max_s": 0.0004185531288385391,
      "batch_median_s": 0.0003140578046441078,
      "throughput_exec_s": 3184.127205923782,
      "max_abs_error": 2.9802322387695312e-08,
      "samples_s": [
        0.0003194659948348999,
        0.0003140578046441078,
        0.00031499890610575676,
        0.0003073588013648987,
        0.00030810805037617683,
        0.00030714692547917366,
        0.0004185531288385391
      ],
      "cpu_gpu_max_abs_diff": 0.0
    },
    {
      "qubits": 8,
      "device": "gpu",
      "state_dimension": 256,
      "repeats": 7,
      "warmups": 2,
      "batch_size": 1,
      "first_execute_s": 0.4500706070102751,
      "warmup_median_s": 0.0037404862232506275,
      "median_runtime_s": 0.003479457926005125,
      "steady_min_s": 0.003459020983427763,
      "steady_p95_s": 0.0034924724604934454,
      "steady_max_s": 0.003494007047265768,
      "batch_median_s": 0.003479457926005125,
      "throughput_exec_s": 287.40108984393765,
      "max_abs_error": 2.9802322387695312e-08,
      "samples_s": [
        0.003494007047265768,
        0.003485062625259161,
        0.003459020983427763,
        0.00347130186855793,
        0.0034888917580246925,
        0.003474907949566841,
        0.003479457926005125
      ],
      "cpu_gpu_max_abs_diff": 0.0,
      "speedup_vs_cpu": 0.09026055532871106
    },
    {
      "qubits": 12,
      "device": "cpu",
      "state_dimension": 4096,
      "repeats": 7,
      "warmups": 2,
      "batch_size": 1,
      "first_execute_s": 0.0006359200924634933,
      "warmup_median_s": 0.00047702505253255367,
      "median_runtime_s": 0.000450759194791317,
      "steady_min_s": 0.00044426508247852325,
      "steady_p95_s": 0.0004738966934382915,
      "steady_max_s": 0.00047867605462670326,
      "batch_median_s": 0.000450759194791317,
      "throughput_exec_s": 2218.4794266103854,
      "max_abs_error": 2.9802322387695312e-08,
      "samples_s": [
        0.00047867605462670326,
        0.0004533831961452961,
        0.000450759194791317,
        0.00044784974306821823,
        0.00044868234544992447,
        0.0004627448506653309,
        0.00044426508247852325
      ],
      "cpu_gpu_max_abs_diff": 0.0
    },
    {
      "qubits": 12,
      "device": "gpu",
      "state_dimension": 4096,
      "repeats": 7,
      "warmups": 2,
      "batch_size": 1,
      "first_execute_s": 0.00869381008669734,
      "warmup_median_s": 0.008582656504586339,
      "median_runtime_s": 0.009194237180054188,
      "steady_min_s": 0.008565037976950407,
      "steady_p95_s": 0.025373931182548392,
      "steady_max_s": 0.031482481863349676,
      "batch_median_s": 0.009194237180054188,
      "throughput_exec_s": 108.76378109642222,
      "max_abs_error": 2.9802322387695312e-08,
      "samples_s": [
        0.008570862002670765,
        0.009194237180054188,
        0.011120646260678768,
        0.031482481863349676,
        0.009062218014150858,
        0.008565037976950407,
        0.009343214798718691
      ],
      "cpu_gpu_max_abs_diff": 0.0,
      "speedup_vs_cpu": 0.049026274389482344
    },
    {
      "qubits": 16,
      "device": "cpu",
      "state_dimension": 65536,
      "repeats": 7,
      "warmups": 2,
      "batch_size": 1,
      "first_execute_s": 0.004756651818752289,
      "warmup_median_s": 0.001833213958889246,
      "median_runtime_s": 0.004171126987785101,
      "steady_min_s": 0.001574043184518814,
      "steady_p95_s": 0.011577101517468685,
      "steady_max_s": 0.01372736506164074,
      "batch_median_s": 0.004171126987785101,
      "throughput_exec_s": 239.7433602305662,
      "max_abs_error": 2.9802322387695312e-08,
      "samples_s": [
        0.0016982140950858593,
        0.001784956082701683,
        0.001574043184518814,
        0.01372736506164074,
        0.00454163271933794,
        0.004171126987785101,
        0.0065598199144005775
      ],
      "cpu_gpu_max_abs_diff": 0.0
    },
    {
      "qubits": 16,
      "device": "gpu",
      "state_dimension": 65536,
      "repeats": 7,
      "warmups": 2,
      "batch_size": 1,
      "first_execute_s": 0.6468896572478116,
      "warmup_median_s": 0.014628510689362884,
      "median_runtime_s": 0.014456270728260279,
      "steady_min_s": 0.014414696954190731,
      "steady_p95_s": 0.014513561222702264,
      "steady_max_s": 0.014526934828609228,
      "batch_median_s": 0.014456270728260279,
      "throughput_exec_s": 69.17413341223056,
      "max_abs_error": 2.9802322387695312e-08,
      "samples_s": [
        0.014470296911895275,
        0.014440784696489573,
        0.014482356142252684,
        0.014414696954190731,
        0.014424754772335291,
        0.014456270728260279,
        0.014526934828609228
      ],
      "cpu_gpu_max_abs_diff": 0.0,
      "speedup_vs_cpu": 0.288534094732402
    },
    {
      "qubits": 20,
      "device": "cpu",
      "state_dimension": 1048576,
      "repeats": 7,
      "warmups": 2,
      "batch_size": 1,
      "first_execute_s": 0.003733644727617502,
      "warmup_median_s": 0.0026753221172839403,
      "median_runtime_s": 0.0024103261530399323,
      "steady_min_s": 0.0023698797449469566,
      "steady_p95_s": 0.06126570743508631,
      "steady_max_s": 0.0864378628320992,
      "batch_median_s": 0.0024103261530399323,
      "throughput_exec_s": 414.88161207510774,
      "max_abs_error": 2.9802322387695312e-08,
      "samples_s": [
        0.00241288123652339,
        0.002394679933786392,
        0.0023860656656324863,
        0.0023698797449469566,
        0.0864378628320992,
        0.0024103261530399323,
        0.0025306781753897667
      ],
      "cpu_gpu_max_abs_diff": 0.0
    },
    {
      "qubits": 20,
      "device": "gpu",
      "state_dimension": 1048576,
      "repeats": 7,
      "warmups": 2,
      "batch_size": 1,
      "first_execute_s": 0.041756357066333294,
      "warmup_median_s": 0.040006044087931514,
      "median_runtime_s": 0.039853451773524284,
      "steady_min_s": 0.03976986836642027,
      "steady_p95_s": 0.041127693932503456,
      "steady_max_s": 0.04154014168307185,
      "batch_median_s": 0.039853451773524284,
      "throughput_exec_s": 25.091929443971697,
      "max_abs_error": 2.9802322387695312e-08,
      "samples_s": [
        0.04154014168307185,
        0.040165315847843885,
        0.039853451773524284,
        0.03984892321750522,
        0.0398207139223814,
        0.03976986836642027,
        0.03989110980182886
      ],
      "cpu_gpu_max_abs_diff": 0.0,
      "speedup_vs_cpu": 0.0604797337690377
    },
    {
      "qubits": 22,
      "device": "cpu",
      "state_dimension": 4194304,
      "repeats": 7,
      "warmups": 2,
      "batch_size": 1,
      "first_execute_s": 0.005873905029147863,
      "warmup_median_s": 0.006107114488258958,
      "median_runtime_s": 0.07029241602867842,
      "steady_min_s": 0.006315245758742094,
      "steady_p95_s": 0.09397296523675322,
      "steady_max_s": 0.09410321805626154,
      "batch_median_s": 0.07029241602867842,
      "throughput_exec_s": 14.226285800050075,
      "max_abs_error": 2.9802322387695312e-08,
      "samples_s": [
        0.07029241602867842,
        0.006315245758742094,
        0.09410321805626154,
        0.006354232784360647,
        0.09357755212113261,
        0.006414696108549833,
        0.09366904199123383
      ],
      "cpu_gpu_max_abs_diff": 0.0
    },
    {
      "qubits": 22,
      "device": "gpu",
      "state_dimension": 4194304,
      "repeats": 7,
      "warmups": 2,
      "batch_size": 1,
      "first_execute_s": 0.18297463003546,
      "warmup_median_s": 0.18243579589761794,
      "median_runtime_s": 0.18331125611439347,
      "steady_min_s": 0.18162330705672503,
      "steady_p95_s": 0.20368133913725614,
      "steady_max_s": 0.205595756880939,
      "batch_median_s": 0.18331125611439347,
      "throughput_exec_s": 5.455202376530334,
      "max_abs_error": 2.9802322387695312e-08,
      "samples_s": [
        0.18262410908937454,
        0.19921436440199614,
        0.205595756880939,
        0.18569572502747178,
        0.18331125611439347,
        0.18179952213540673,
        0.18162330705672503
      ],
      "cpu_gpu_max_abs_diff": 0.0,
      "speedup_vs_cpu": 0.38345935497170547
    },
    {
      "qubits": 24,
      "device": "cpu",
      "state_dimension": 16777216,
      "repeats": 7,
      "warmups": 2,
      "batch_size": 1,
      "first_execute_s": 0.7761079100891948,
      "warmup_median_s": 0.8544996757991612,
      "median_runtime_s": 0.8968141721561551,
      "steady_min_s": 0.8056397447362542,
      "steady_p95_s": 0.9661303977482021,
      "steady_max_s": 0.993347623385489,
      "batch_median_s": 0.8968141721561551,
      "throughput_exec_s": 1.1150582038592918,
      "max_abs_error": 2.9802322387695312e-08,
      "samples_s": [
        0.8958953809924424,
        0.8988251583650708,
        0.8056397447362542,
        0.902623537927866,
        0.993347623385489,
        0.8078275318257511,
        0.8968141721561551
      ],
      "cpu_gpu_max_abs_diff": 0.0
    },
    {
      "qubits": 24,
      "device": "gpu",
      "state_dimension": 16777216,
      "repeats": 7,
      "warmups": 2,
      "batch_size": 1,
      "first_execute_s": 1.5188083620741963,
      "warmup_median_s": 1.4945136259775609,
      "median_runtime_s": 1.4854067242704332,
      "steady_min_s": 1.4689986859448254,
      "steady_p95_s": 1.5049426049459727,
      "steady_max_s": 1.5052176876924932,
      "batch_median_s": 1.4854067242704332,
      "throughput_exec_s": 0.673216287270516,
      "max_abs_error": 2.9802322387695312e-08,
      "samples_s": [
        1.4749213643372059,
        1.496961556840688,
        1.4689986859448254,
        1.5052176876924932,
        1.4854067242704332,
        1.504300745204091,
        1.4801503387279809
      ],
      "cpu_gpu_max_abs_diff": 0.0,
      "speedup_vs_cpu": 0.603749907350548
    },
    {
      "qubits": 25,
      "device": "cpu",
      "state_dimension": 33554432,
      "repeats": 7,
      "warmups": 2,
      "batch_size": 1,
      "first_execute_s": 1.608293636702001,
      "warmup_median_s": 1.6112318148370832,
      "median_runtime_s": 1.5950602749362588,
      "steady_min_s": 1.5070056039839983,
      "steady_p95_s": 1.664561199210584,
      "steady_max_s": 1.6911077317781746,
      "batch_median_s": 1.5950602749362588,
      "throughput_exec_s": 0.6269355557989567,
      "max_abs_error": 2.9802322387695312e-08,
      "samples_s": [
        1.5937205757945776,
        1.6911077317781746,
        1.6026192898862064,
        1.5969472699798644,
        1.5950602749362588,
        1.5096390852704644,
        1.5070056039839983
      ],
      "cpu_gpu_max_abs_diff": 0.0
    },
    {
      "qubits": 25,
      "device": "gpu",
      "state_dimension": 33554432,
      "repeats": 7,
      "warmups": 2,
      "batch_size": 1,
      "first_execute_s": 3.4523039618507028,
      "warmup_median_s": 3.3742850329726934,
      "median_runtime_s": 3.340921223629266,
      "steady_min_s": 3.3078857930377126,
      "steady_p95_s": 3.4453082825522867,
      "steady_max_s": 3.446337867062539,
      "batch_median_s": 3.340921223629266,
      "throughput_exec_s": 0.2993186408968042,
      "max_abs_error": 2.9802322387695312e-08,
      "samples_s": [
        3.340921223629266,
        3.4429059186950326,
        3.310765127185732,
        3.4355121180415154,
        3.3294049170799553,
        3.446337867062539,
        3.3078857930377126
      ],
      "cpu_gpu_max_abs_diff": 0.0,
      "speedup_vs_cpu": 0.47743127364240384
    },
    {
      "qubits": 26,
      "device": "cpu",
      "state_dimension": 67108864,
      "repeats": 7,
      "warmups": 2,
      "batch_size": 1,
      "first_execute_s": 2.8455296787433326,
      "warmup_median_s": 3.0574905241373926,
      "median_runtime_s": 2.906167833134532,
      "steady_min_s": 2.893113221041858,
      "steady_p95_s": 3.002369663538411,
      "steady_max_s": 3.005695336032659,
      "batch_median_s": 2.906167833134532,
      "throughput_exec_s": 0.34409574994208814,
      "max_abs_error": 2.9802322387695312e-08,
      "samples_s": [
        2.906167833134532,
        2.893113221041858,
        3.005695336032659,
        2.8953930917195976,
        2.906567564699799,
        2.9946097610518336,
        2.9060567850247025
      ],
      "cpu_gpu_max_abs_diff": 0.0
    },
    {
      "qubits": 26,
      "device": "gpu",
      "state_dimension": 67108864,
      "repeats": 7,
      "warmups": 2,
      "batch_size": 1,
      "first_execute_s": 7.791545479092747,
      "warmup_median_s": 7.60708268196322,
      "median_runtime_s": 7.5190237406641245,
      "steady_min_s": 7.4003776060417295,
      "steady_p95_s": 7.776701430417598,
      "steady_max_s": 7.784966693259776,
      "batch_median_s": 7.5190237406641245,
      "throughput_exec_s": 0.13299598917234887,
      "max_abs_error": 2.9802322387695312e-08,
      "samples_s": [
        7.5190237406641245,
        7.784966693259776,
        7.492910810280591,
        7.757415817119181,
        7.4003776060417295,
        7.652631236240268,
        7.4106417233124375
      ],
      "cpu_gpu_max_abs_diff": 0.0,
      "speedup_vs_cpu": 0.38650866566858877
    }
  ]
}
